// Jest Snapshot v1, https://goo.gl/fbAQLP

exports[`Loading renders Loading of different size correctly 1`] = `
<div
  class="zw-loading zw-loading--lg"
>
  <div>
    <div
      class="zw-loading__mask"
    >
      <div
        class="zw-loading__spin"
      >
        <span
          class="zw-loading__svg zw-activity-indicator zw-activity-indicator--lg zw-activity-indicator__circular--loading"
        >
          <svg
            class="zw-activity-indicator__circular--lg"
            viewBox="31 31 62 62"
          >
            <circle
              cx="62"
              cy="62"
              fill="none"
              r="28.5"
              style="stroke-width:5"
            />
          </svg>
        </span>
      </div>
    </div>
  </div>
  <div
    class="zw-loading__container zw-loading--blur"
  >
    这里是内容
  </div>
</div>
`;

exports[`Loading renders hidden Loading correctly 1`] = `
<div
  class="zw-loading zw-loading--md"
>
  <div
    class="zw-loading__container"
  >
    这里是内容
  </div>
</div>
`;
